###############################################################################
#                                                                             #
# IAR ELF Linker V6.50.3.4676/W32 for ARM               12/Dec/2016  19:34:23 #
# Copyright 2007-2013 IAR Systems AB.                                         #
#                                                                             #
#    Output file  =  D:\ARM32\cecs\Debug\Exe\m4_cecs.out                      #
#    Map file     =  D:\ARM32\cecs\Debug\List\m4_cecs.map                     #
#    Command line =  D:\ARM32\cecs\Debug\Obj\m4_cecs_analog.o                 #
#                    D:\ARM32\cecs\Debug\Obj\m4_cecs_base.o                   #
#                    D:\ARM32\cecs\Debug\Obj\m4_cecs_can.o                    #
#                    D:\ARM32\cecs\Debug\Obj\m4_cecs_io_base.o                #
#                    D:\ARM32\cecs\Debug\Obj\m4_cecs_isoin.o                  #
#                    D:\ARM32\cecs\Debug\Obj\m4_cecs_relay.o                  #
#                    D:\ARM32\cecs\Debug\Obj\m4_cecs_uart1.o                  #
#                    D:\ARM32\cecs\Debug\Obj\m4_cecs_uart3.o                  #
#                    D:\ARM32\cecs\Debug\Obj\m4_cecs_uart6.o                  #
#                    D:\ARM32\cecs\Debug\Obj\m4_evkit_define.o                #
#                    D:\ARM32\cecs\Debug\Obj\m4_evkit_message.o               #
#                    D:\ARM32\cecs\Debug\Obj\misc.o                           #
#                    D:\ARM32\cecs\Debug\Obj\startup_stm32f4xx.o              #
#                    D:\ARM32\cecs\Debug\Obj\stm32f4xx_adc.o                  #
#                    D:\ARM32\cecs\Debug\Obj\stm32f4xx_can.o                  #
#                    D:\ARM32\cecs\Debug\Obj\stm32f4xx_crc.o                  #
#                    D:\ARM32\cecs\Debug\Obj\stm32f4xx_cryp.o                 #
#                    D:\ARM32\cecs\Debug\Obj\stm32f4xx_cryp_aes.o             #
#                    D:\ARM32\cecs\Debug\Obj\stm32f4xx_cryp_des.o             #
#                    D:\ARM32\cecs\Debug\Obj\stm32f4xx_cryp_tdes.o            #
#                    D:\ARM32\cecs\Debug\Obj\stm32f4xx_dac.o                  #
#                    D:\ARM32\cecs\Debug\Obj\stm32f4xx_dbgmcu.o               #
#                    D:\ARM32\cecs\Debug\Obj\stm32f4xx_dcmi.o                 #
#                    D:\ARM32\cecs\Debug\Obj\stm32f4xx_dma.o                  #
#                    D:\ARM32\cecs\Debug\Obj\stm32f4xx_exti.o                 #
#                    D:\ARM32\cecs\Debug\Obj\stm32f4xx_flash.o                #
#                    D:\ARM32\cecs\Debug\Obj\stm32f4xx_fsmc.o                 #
#                    D:\ARM32\cecs\Debug\Obj\stm32f4xx_gpio.o                 #
#                    D:\ARM32\cecs\Debug\Obj\stm32f4xx_hash.o                 #
#                    D:\ARM32\cecs\Debug\Obj\stm32f4xx_hash_md5.o             #
#                    D:\ARM32\cecs\Debug\Obj\stm32f4xx_hash_sha1.o            #
#                    D:\ARM32\cecs\Debug\Obj\stm32f4xx_i2c.o                  #
#                    D:\ARM32\cecs\Debug\Obj\stm32f4xx_it.o                   #
#                    D:\ARM32\cecs\Debug\Obj\stm32f4xx_iwdg.o                 #
#                    D:\ARM32\cecs\Debug\Obj\stm32f4xx_pwr.o                  #
#                    D:\ARM32\cecs\Debug\Obj\stm32f4xx_rcc.o                  #
#                    D:\ARM32\cecs\Debug\Obj\stm32f4xx_rng.o                  #
#                    D:\ARM32\cecs\Debug\Obj\stm32f4xx_rtc.o                  #
#                    D:\ARM32\cecs\Debug\Obj\stm32f4xx_sdio.o                 #
#                    D:\ARM32\cecs\Debug\Obj\stm32f4xx_spi.o                  #
#                    D:\ARM32\cecs\Debug\Obj\stm32f4xx_syscfg.o               #
#                    D:\ARM32\cecs\Debug\Obj\stm32f4xx_tim.o                  #
#                    D:\ARM32\cecs\Debug\Obj\stm32f4xx_usart.o                #
#                    D:\ARM32\cecs\Debug\Obj\stm32f4xx_wwdg.o -o              #
#                    D:\ARM32\cecs\Debug\Exe\m4_cecs.out --redirect           #
#                    _Printf=_PrintfFull --redirect _Scanf=_ScanfFull --map   #
#                    D:\ARM32\cecs\Debug\List\m4_cecs.map --config            #
#                    D:\ARM32\cecs\config\stm32f4xx_flash.icf --semihosting   #
#                    --entry __iar_program_start --vfe                        #
#                                                                             #
#                                                                             #
###############################################################################

*******************************************************************************
*** RUNTIME MODEL ATTRIBUTES
***

CppFlavor       = *
__Heap_Handler  = DLMalloc
__SystemLibrary = DLib


*******************************************************************************
*** PLACEMENT SUMMARY
***

"A1":  place at 0x08000000 { ro section .intvec };
"P1":  place in [from 0x08000000 to 0x080dffff] { ro };
"P2":  place in [from 0x20000000 to 0x2001ffff] { rw, block CSTACK, block HEAP };

  Section            Kind        Address    Size  Object
  -------            ----        -------    ----  ------
"A1":                                      0x188
  .intvec            ro code  0x08000000   0x188  startup_stm32f4xx.o [1]
                            - 0x08000188   0x188

"P1":                                     0x38f0
  .text              ro code  0x08000188   0x4e0  stm32f4xx_can.o [1]
  .text              ro code  0x08000668   0x1e0  stm32f4xx_rcc.o [1]
  .text              ro code  0x08000848   0x47c  m4_cecs_uart1.o [1]
  .text              ro code  0x08000cc4    0x16  m4_cecs_uart6.o [1]
  .text              ro code  0x08000cda    0x2e  copy_init3.o [4]
  .text              ro code  0x08000d08   0x2da  stm32f4xx_usart.o [1]
  .text              ro code  0x08000fe2    0x22  zero_init3.o [4]
  .text              ro code  0x08001004   0x216  stm32f4xx_gpio.o [1]
  .text              ro code  0x0800121c    0x8c  misc.o [1]
  .text              ro code  0x080012a8    0x1c  stm32f4xx_it.o [1]
  .text              ro code  0x080012c4    0x18  stm32f4xx_it.o [1]
  .text              ro code  0x080012dc    0x16  m4_evkit_define.o [1]
  .text              ro code  0x080012f4    0x66  ABImemset.o [4]
  .text              ro code  0x0800135c    0x76  ABImemcpy.o [4]
  .text              ro code  0x080013d4   0x464  m4_cecs_analog.o [1]
  .text              ro code  0x08001838   0x1d0  stm32f4xx_adc.o [1]
  .text              ro code  0x08001a08   0x42e  stm32f4xx_tim.o [1]
  .text              ro code  0x08001e38   0x358  m4_evkit_define.o [1]
  .text              ro code  0x08002190    0xb0  m4_evkit_message.o [1]
  .text              ro code  0x08002240   0x424  m4_cecs_io_base.o [1]
  .text              ro code  0x08002664   0x318  m4_cecs_can.o [1]
  .text              ro code  0x0800297c   0x414  stm32f4xx_it.o [1]
  .text              ro code  0x08002d90   0x2e0  m4_cecs_uart3.o [1]
  .text              ro code  0x08003070   0x328  m4_cecs_uart6.o [1]
  .text              ro code  0x08003398   0x208  m4_cecs_base.o [1]
  .text              ro code  0x080035a0   0x11c  m4_cecs_isoin.o [1]
  .text              ro code  0x080036bc   0x188  m4_cecs_relay.o [1]
  .text              ro code  0x08003844    0x28  data_init.o [4]
  .iar.init_table    const    0x0800386c    0x24  - Linker created -
  .text              ro code  0x08003890    0x16  cmain.o [4]
  .text              ro code  0x080038a6     0x4  low_level_init.o [3]
  .text              ro code  0x080038aa     0x4  exit.o [3]
  .text              ro code  0x080038b0     0xa  cexit.o [4]
  .text              ro code  0x080038bc    0x14  exit.o [5]
  .rodata            const    0x080038d0    0x10  m4_cecs_analog.o [1]
  .text              ro code  0x080038e0    0x10  startup_stm32f4xx.o [1]
  .text              ro code  0x080038f0     0xc  cstartup_M.o [4]
  .text              ro code  0x080038fc     0x4  startup_stm32f4xx.o [1]
  .text              ro code  0x08003900     0x4  startup_stm32f4xx.o [1]
  .text              ro code  0x08003904     0x4  startup_stm32f4xx.o [1]
  .text              ro code  0x08003908     0x4  startup_stm32f4xx.o [1]
  .text              ro code  0x0800390c     0x4  startup_stm32f4xx.o [1]
  .text              ro code  0x08003910     0x4  startup_stm32f4xx.o [1]
  .text              ro code  0x08003914     0x4  startup_stm32f4xx.o [1]
  .text              ro code  0x08003918     0x4  startup_stm32f4xx.o [1]
  .text              ro code  0x0800391c     0x4  startup_stm32f4xx.o [1]
  .text              ro code  0x08003920     0x4  startup_stm32f4xx.o [1]
  .text              ro code  0x08003924     0x4  startup_stm32f4xx.o [1]
  .text              ro code  0x08003928     0x4  startup_stm32f4xx.o [1]
  .text              ro code  0x0800392c     0x4  startup_stm32f4xx.o [1]
  .text              ro code  0x08003930     0x4  startup_stm32f4xx.o [1]
  .text              ro code  0x08003934     0x4  startup_stm32f4xx.o [1]
  .text              ro code  0x08003938     0x4  startup_stm32f4xx.o [1]
  .text              ro code  0x0800393c     0x4  startup_stm32f4xx.o [1]
  .text              ro code  0x08003940     0x4  startup_stm32f4xx.o [1]
  .text              ro code  0x08003944     0x4  startup_stm32f4xx.o [1]
  .text              ro code  0x08003948     0x4  startup_stm32f4xx.o [1]
  .text              ro code  0x0800394c     0x4  startup_stm32f4xx.o [1]
  .text              ro code  0x08003950     0x4  startup_stm32f4xx.o [1]
  .text              ro code  0x08003954     0x4  startup_stm32f4xx.o [1]
  .text              ro code  0x08003958     0x4  startup_stm32f4xx.o [1]
  .text              ro code  0x0800395c     0x4  startup_stm32f4xx.o [1]
  .text              ro code  0x08003960     0x4  startup_stm32f4xx.o [1]
  .text              ro code  0x08003964     0x4  startup_stm32f4xx.o [1]
  .text              ro code  0x08003968     0x4  startup_stm32f4xx.o [1]
  .text              ro code  0x0800396c     0x4  startup_stm32f4xx.o [1]
  .text              ro code  0x08003970     0x4  startup_stm32f4xx.o [1]
  .text              ro code  0x08003974     0x4  startup_stm32f4xx.o [1]
  .text              ro code  0x08003978     0x4  startup_stm32f4xx.o [1]
  .text              ro code  0x0800397c     0x4  startup_stm32f4xx.o [1]
  .text              ro code  0x08003980     0x4  startup_stm32f4xx.o [1]
  .text              ro code  0x08003984     0x4  startup_stm32f4xx.o [1]
  .text              ro code  0x08003988     0x4  startup_stm32f4xx.o [1]
  .text              ro code  0x0800398c     0x4  startup_stm32f4xx.o [1]
  .text              ro code  0x08003990     0x4  startup_stm32f4xx.o [1]
  .text              ro code  0x08003994     0x4  startup_stm32f4xx.o [1]
  .text              ro code  0x08003998     0x4  startup_stm32f4xx.o [1]
  .text              ro code  0x0800399c     0x4  startup_stm32f4xx.o [1]
  .text              ro code  0x080039a0     0x4  startup_stm32f4xx.o [1]
  .text              ro code  0x080039a4     0x4  startup_stm32f4xx.o [1]
  .text              ro code  0x080039a8     0x4  startup_stm32f4xx.o [1]
  .text              ro code  0x080039ac     0x4  startup_stm32f4xx.o [1]
  .text              ro code  0x080039b0     0x4  startup_stm32f4xx.o [1]
  .text              ro code  0x080039b4     0x4  startup_stm32f4xx.o [1]
  .text              ro code  0x080039b8     0x4  startup_stm32f4xx.o [1]
  .text              ro code  0x080039bc     0x4  startup_stm32f4xx.o [1]
  .text              ro code  0x080039c0     0x4  startup_stm32f4xx.o [1]
  .text              ro code  0x080039c4     0x4  startup_stm32f4xx.o [1]
  .text              ro code  0x080039c8     0x4  startup_stm32f4xx.o [1]
  .text              ro code  0x080039cc     0x4  startup_stm32f4xx.o [1]
  .text              ro code  0x080039d0     0x4  startup_stm32f4xx.o [1]
  .text              ro code  0x080039d4     0x4  startup_stm32f4xx.o [1]
  .text              ro code  0x080039d8     0x4  startup_stm32f4xx.o [1]
  .text              ro code  0x080039dc     0x4  startup_stm32f4xx.o [1]
  .text              ro code  0x080039e0     0x4  startup_stm32f4xx.o [1]
  .text              ro code  0x080039e4     0x4  startup_stm32f4xx.o [1]
  .text              ro code  0x080039e8     0x4  startup_stm32f4xx.o [1]
  .text              ro code  0x080039ec     0x4  startup_stm32f4xx.o [1]
  .text              ro code  0x080039f0     0x4  startup_stm32f4xx.o [1]
  .text              ro code  0x080039f4     0x4  startup_stm32f4xx.o [1]
  .text              ro code  0x080039f8     0x4  startup_stm32f4xx.o [1]
  .text              ro code  0x080039fc     0x4  startup_stm32f4xx.o [1]
  .text              ro code  0x08003a00     0x4  startup_stm32f4xx.o [1]
  .text              ro code  0x08003a04     0x4  startup_stm32f4xx.o [1]
  .text              ro code  0x08003a08     0x4  startup_stm32f4xx.o [1]
  .text              ro code  0x08003a0c     0x4  startup_stm32f4xx.o [1]
  .text              ro code  0x08003a10     0x4  startup_stm32f4xx.o [1]
  .text              ro code  0x08003a14     0x4  startup_stm32f4xx.o [1]
  .text              ro code  0x08003a18     0x4  startup_stm32f4xx.o [1]
  .text              ro code  0x08003a1c     0x4  startup_stm32f4xx.o [1]
  .text              ro code  0x08003a20     0x4  startup_stm32f4xx.o [1]
  .text              ro code  0x08003a24     0x4  startup_stm32f4xx.o [1]
  .text              ro code  0x08003a28     0x4  startup_stm32f4xx.o [1]
  .text              ro code  0x08003a2c     0x4  startup_stm32f4xx.o [1]
  .text              ro code  0x08003a30     0x4  startup_stm32f4xx.o [1]
  .text              ro code  0x08003a34     0x4  startup_stm32f4xx.o [1]
  .text              ro code  0x08003a38     0x4  startup_stm32f4xx.o [1]
  .text              ro code  0x08003a3c     0x4  startup_stm32f4xx.o [1]
  .text              ro code  0x08003a40     0x4  startup_stm32f4xx.o [1]
  .text              ro code  0x08003a44     0x4  startup_stm32f4xx.o [1]
  .text              ro code  0x08003a48     0x4  startup_stm32f4xx.o [1]
  .text              ro code  0x08003a4c     0x4  startup_stm32f4xx.o [1]
  .text              ro code  0x08003a50     0x4  startup_stm32f4xx.o [1]
  .text              ro code  0x08003a54     0x4  startup_stm32f4xx.o [1]
  .text              ro code  0x08003a58     0x4  startup_stm32f4xx.o [1]
  .text              ro code  0x08003a5c     0x4  startup_stm32f4xx.o [1]
  .text              ro code  0x08003a60     0x4  startup_stm32f4xx.o [1]
  .text              ro code  0x08003a64     0x4  startup_stm32f4xx.o [1]
  .rodata            const    0x08003a68     0x0  zero_init3.o [4]
  .rodata            const    0x08003a68     0x0  copy_init3.o [4]
  Initializer bytes  ro data  0x08003a68    0x10  <for P2 s0>
                            - 0x08003a78  0x38f0

"P2", part 1 of 3:                          0x10
  P2 s0                       0x20000000    0x10  <Init block>
    .data            inited   0x20000000    0x10  stm32f4xx_rcc.o [1]
                            - 0x20000010    0x10

"P2", part 2 of 3:                         0x900
  .bss               zero     0x20000010   0x200  m4_evkit_message.o [1]
  .bss               zero     0x20000210   0x104  m4_cecs_uart1.o [1]
  .bss               zero     0x20000314   0x104  m4_cecs_uart1.o [1]
  .bss               zero     0x20000418   0x104  m4_cecs_uart3.o [1]
  .bss               zero     0x2000051c   0x104  m4_cecs_uart3.o [1]
  .bss               zero     0x20000620   0x104  m4_cecs_uart6.o [1]
  .bss               zero     0x20000724   0x104  m4_cecs_uart6.o [1]
  .bss               zero     0x20000828    0x20  m4_cecs_analog.o [1]
  .bss               zero     0x20000848    0x14  m4_cecs_can.o [1]
  .bss               zero     0x2000085c    0x14  m4_cecs_can.o [1]
  .bss               zero     0x20000870    0x10  m4_cecs_base.o [1]
  .bss               zero     0x20000880    0x10  m4_cecs_base.o [1]
  .bss               zero     0x20000890    0x10  m4_cecs_uart1.o [1]
  .bss               zero     0x200008a0    0x10  m4_cecs_uart3.o [1]
  .bss               zero     0x200008b0    0x10  m4_cecs_uart6.o [1]
  .bss               zero     0x200008c0     0x8  m4_cecs_analog.o [1]
  .bss               zero     0x200008c8     0x4  m4_cecs_can.o [1]
  .bss               zero     0x200008cc     0x4  m4_cecs_io_base.o [1]
  .bss               zero     0x200008d0     0x4  m4_cecs_io_base.o [1]
  .bss               zero     0x200008d4     0x4  m4_cecs_io_base.o [1]
  .bss               zero     0x200008d8     0x4  m4_cecs_io_base.o [1]
  .bss               zero     0x200008dc     0x4  m4_cecs_uart1.o [1]
  .bss               zero     0x200008e0     0x4  m4_cecs_uart3.o [1]
  .bss               zero     0x200008e4     0x4  m4_cecs_uart6.o [1]
  .bss               zero     0x200008e8     0x4  m4_evkit_define.o [1]
  .bss               zero     0x200008ec     0x4  m4_evkit_define.o [1]
  .bss               zero     0x200008f0     0x4  m4_evkit_define.o [1]
  .bss               zero     0x200008f4     0x4  m4_evkit_define.o [1]
  .bss               zero     0x200008f8     0x4  m4_evkit_define.o [1]
  .bss               zero     0x200008fc     0x2  m4_cecs_analog.o [1]
  .bss               zero     0x200008fe     0x2  m4_cecs_analog.o [1]
  .bss               zero     0x20000900     0x2  m4_cecs_base.o [1]
  .bss               zero     0x20000902     0x2  m4_cecs_io_base.o [1]
  .bss               zero     0x20000904     0x2  m4_cecs_io_base.o [1]
  .bss               zero     0x20000906     0x2  m4_cecs_io_base.o [1]
  .bss               zero     0x20000908     0x2  m4_cecs_io_base.o [1]
  .bss               zero     0x2000090a     0x2  m4_cecs_io_base.o [1]
  .bss               zero     0x2000090c     0x2  m4_cecs_io_base.o [1]
  .bss               zero     0x2000090e     0x1  m4_evkit_message.o [1]
  .bss               zero     0x2000090f     0x1  m4_evkit_message.o [1]
                            - 0x20000910   0x900

"P2", part 3 of 3:                         0x400
  CSTACK                      0x20000910   0x400  <Block>
    CSTACK           uninit   0x20000910   0x400  <Block tail>
                            - 0x20000d10   0x400


*******************************************************************************
*** INIT TABLE
***

          Address     Size
          -------     ----
Zero (__iar_zero_init3)
    1 destination range, total size 0x900:
          0x20000010  0x900

Copy (__iar_copy_init3)
    1 source range, total size 0x10:
          0x08003a68   0x10
    1 destination range, total size 0x10:
          0x20000000   0x10



*******************************************************************************
*** MODULE SUMMARY
***

    Module               ro code  ro data  rw data
    ------               -------  -------  -------
D:\ARM32\cecs\Debug\Obj: [1]
    m4_cecs_analog.o       1 124       16       44
    m4_cecs_base.o           520                34
    m4_cecs_can.o            792                44
    m4_cecs_io_base.o      1 060                28
    m4_cecs_isoin.o          284
    m4_cecs_relay.o          392
    m4_cecs_uart1.o        1 148               540
    m4_cecs_uart3.o          736               540
    m4_cecs_uart6.o          830               540
    m4_evkit_define.o        878                20
    m4_evkit_message.o       176               514
    misc.o                   140
    startup_stm32f4xx.o      772
    stm32f4xx_adc.o          464
    stm32f4xx_can.o        1 248
    stm32f4xx_gpio.o         534
    stm32f4xx_it.o         1 096
    stm32f4xx_rcc.o          480       16       16
    stm32f4xx_tim.o        1 070
    stm32f4xx_usart.o        730
    ----------------------------------------------
    Total:                14 474       32    2 320

command line: [2]
    ----------------------------------------------
    Total:

dl7M_tln.a: [3]
    exit.o                     4
    low_level_init.o           4
    ----------------------------------------------
    Total:                     8

rt7M_tl.a: [4]
    ABImemcpy.o              118
    ABImemset.o              102
    cexit.o                   10
    cmain.o                   22
    copy_init3.o              46
    cstartup_M.o              12
    data_init.o               40
    zero_init3.o              34
    ----------------------------------------------
    Total:                   384

shb_l.a: [5]
    exit.o                    20
    ----------------------------------------------
    Total:                    20

    Gaps                      14
    Linker created                     36    1 024
--------------------------------------------------
    Grand Total:          14 900       68    3 344


*******************************************************************************
*** ENTRY LIST
***

Entry                      Address   Size  Type      Object
-----                      -------   ----  ----      ------
?main                   0x08003891         Code  Gb  cmain.o [4]
ADC_ClearFlag           0x08001a01    0x8  Code  Gb  stm32f4xx_adc.o [1]
ADC_Cmd                 0x080018af   0x1a  Code  Gb  stm32f4xx_adc.o [1]
ADC_CommonInit          0x0800188d   0x22  Code  Gb  stm32f4xx_adc.o [1]
ADC_IRQHandler          0x08002a6d   0x10  Code  Gb  stm32f4xx_it.o [1]
ADC_ITConfig            0x080019d9   0x28  Code  Gb  stm32f4xx_adc.o [1]
ADC_Init                0x08001839   0x54  Code  Gb  stm32f4xx_adc.o [1]
ADC_RegularChannelConfig
                        0x080018c9   0xf6  Code  Gb  stm32f4xx_adc.o [1]
ADC_SoftwareStartConv   0x080019bf    0xa  Code  Gb  stm32f4xx_adc.o [1]
APBAHBPrescTable        0x20000000   0x10  Data  Lc  stm32f4xx_rcc.o [1]
BusFault_Handler        0x08002983    0x2  Code  Gb  stm32f4xx_it.o [1]
CAN1_RX0_IRQHandler     0x08002a89   0x10  Code  Gb  stm32f4xx_it.o [1]
CAN1_RX1_IRQHandler     0x08002a99    0xc  Code  Gb  stm32f4xx_it.o [1]
CAN1_SCE_IRQHandler     0x08002aa5    0xc  Code  Gb  stm32f4xx_it.o [1]
CAN1_TX_IRQHandler      0x08002a7d    0xc  Code  Gb  stm32f4xx_it.o [1]
CAN2_RX0_IRQHandler     0x08002cb5    0xc  Code  Gb  stm32f4xx_it.o [1]
CAN2_RX1_IRQHandler     0x08002cc1    0xc  Code  Gb  stm32f4xx_it.o [1]
CAN2_SCE_IRQHandler     0x08002ccd    0xc  Code  Gb  stm32f4xx_it.o [1]
CAN2_TX_IRQHandler      0x08002ca9    0xc  Code  Gb  stm32f4xx_it.o [1]
CANTrasmitMessage       0x08002857   0x82  Code  Gb  m4_cecs_can.o [1]
CAN_DeInit              0x08000189   0x38  Code  Gb  stm32f4xx_can.o [1]
CAN_FilterInit          0x080002e5  0x114  Code  Gb  stm32f4xx_can.o [1]
CAN_ITConfig            0x08000635   0x16  Code  Gb  stm32f4xx_can.o [1]
CAN_Init                0x080001c1  0x124  Code  Gb  stm32f4xx_can.o [1]
CAN_Receive             0x0800054d   0xe8  Code  Gb  stm32f4xx_can.o [1]
CAN_StructInit          0x080003f9   0x2e  Code  Gb  stm32f4xx_can.o [1]
CAN_Transmit            0x08000427  0x126  Code  Gb  stm32f4xx_can.o [1]
CRYP_IRQHandler         0x08002d6d    0xc  Code  Gb  stm32f4xx_it.o [1]
CSTACK$$Base            0x20000910          --   Gb  - Linker created -
CSTACK$$Limit           0x20000d10          --   Gb  - Linker created -
CanRxMessage            0x2000085c   0x14  Data  Gb  m4_cecs_can.o [1]
CanTxMessage            0x20000848   0x14  Data  Gb  m4_cecs_can.o [1]
ClearMessageHandle      0x08002191    0xc  Code  Gb  m4_evkit_message.o [1]
CriticalSecCntr         0x200008e8    0x4  Data  Gb  m4_evkit_define.o [1]
DCMI_IRQHandler         0x08002d61    0xc  Code  Gb  stm32f4xx_it.o [1]
DMA1_Stream0_IRQHandler
                        0x08002a19    0xc  Code  Gb  stm32f4xx_it.o [1]
DMA1_Stream1_IRQHandler
                        0x08002a25    0xc  Code  Gb  stm32f4xx_it.o [1]
DMA1_Stream2_IRQHandler
                        0x08002a31    0xc  Code  Gb  stm32f4xx_it.o [1]
DMA1_Stream3_IRQHandler
                        0x08002a3d    0xc  Code  Gb  stm32f4xx_it.o [1]
DMA1_Stream4_IRQHandler
                        0x08002a49    0xc  Code  Gb  stm32f4xx_it.o [1]
DMA1_Stream5_IRQHandler
                        0x08002a55    0xc  Code  Gb  stm32f4xx_it.o [1]
DMA1_Stream6_IRQHandler
                        0x08002a61    0xc  Code  Gb  stm32f4xx_it.o [1]
DMA1_Stream7_IRQHandler
                        0x08002be5    0xc  Code  Gb  stm32f4xx_it.o [1]
DMA2_Stream0_IRQHandler
                        0x08002c55    0xc  Code  Gb  stm32f4xx_it.o [1]
DMA2_Stream1_IRQHandler
                        0x08002c61    0xc  Code  Gb  stm32f4xx_it.o [1]
DMA2_Stream2_IRQHandler
                        0x08002c6d    0xc  Code  Gb  stm32f4xx_it.o [1]
DMA2_Stream3_IRQHandler
                        0x08002c79    0xc  Code  Gb  stm32f4xx_it.o [1]
DMA2_Stream4_IRQHandler
                        0x08002c85    0xc  Code  Gb  stm32f4xx_it.o [1]
DMA2_Stream5_IRQHandler
                        0x08002ce5    0xc  Code  Gb  stm32f4xx_it.o [1]
DMA2_Stream6_IRQHandler
                        0x08002cf1    0xc  Code  Gb  stm32f4xx_it.o [1]
DMA2_Stream7_IRQHandler
                        0x08002cfd    0xc  Code  Gb  stm32f4xx_it.o [1]
DebugMon_Handler        0x08002989    0x2  Code  Gb  stm32f4xx_it.o [1]
Delay                   0x080020d7    0xe  Code  Gb  m4_evkit_define.o [1]
ETH_IRQHandler          0x08002c91    0xc  Code  Gb  stm32f4xx_it.o [1]
ETH_WKUP_IRQHandler     0x08002c9d    0xc  Code  Gb  stm32f4xx_it.o [1]
EXTI0_IRQHandler        0x080029dd    0xc  Code  Gb  stm32f4xx_it.o [1]
EXTI15_10_IRQHandler    0x08002b91    0xc  Code  Gb  stm32f4xx_it.o [1]
EXTI1_IRQHandler        0x080029e9    0xc  Code  Gb  stm32f4xx_it.o [1]
EXTI2_IRQHandler        0x080029f5    0xc  Code  Gb  stm32f4xx_it.o [1]
EXTI3_IRQHandler        0x08002a01    0xc  Code  Gb  stm32f4xx_it.o [1]
EXTI4_IRQHandler        0x08002a0d    0xc  Code  Gb  stm32f4xx_it.o [1]
EXTI9_5_IRQHandler      0x08002ab1    0xc  Code  Gb  stm32f4xx_it.o [1]
EntrCritSection         0x080012a9   0x1c  Code  Gb  stm32f4xx_it.o [1]
ExtCritSection          0x080012c5   0x18  Code  Gb  stm32f4xx_it.o [1]
FLASH_IRQHandler        0x080029c5    0xc  Code  Gb  stm32f4xx_it.o [1]
FPU_IRQHandler          0x08002d85    0xc  Code  Gb  stm32f4xx_it.o [1]
FSMC_IRQHandler         0x08002bf1    0xc  Code  Gb  stm32f4xx_it.o [1]
GPIO_DeInit             0x08001005   0xe0  Code  Gb  stm32f4xx_gpio.o [1]
GPIO_Init               0x08001109   0xb8  Code  Gb  stm32f4xx_gpio.o [1]
GPIO_PinAFConfig        0x080011c1   0x5a  Code  Gb  stm32f4xx_gpio.o [1]
GetMessage              0x080021ef   0x46  Code  Gb  m4_evkit_message.o [1]
HASH_RNG_IRQHandler     0x08002d79    0xc  Code  Gb  stm32f4xx_it.o [1]
HardFault_Handler       0x0800297f    0x2  Code  Gb  stm32f4xx_it.o [1]
I2C1_ER_IRQHandler      0x08002b29    0xc  Code  Gb  stm32f4xx_it.o [1]
I2C1_EV_IRQHandler      0x08002b1d    0xc  Code  Gb  stm32f4xx_it.o [1]
I2C2_ER_IRQHandler      0x08002b41    0xc  Code  Gb  stm32f4xx_it.o [1]
I2C2_EV_IRQHandler      0x08002b35    0xc  Code  Gb  stm32f4xx_it.o [1]
I2C3_ER_IRQHandler      0x08002d25    0xc  Code  Gb  stm32f4xx_it.o [1]
I2C3_EV_IRQHandler      0x08002d19    0xc  Code  Gb  stm32f4xx_it.o [1]
ISR_AtoDConverter       0x0800159d   0xfa  Code  Gb  m4_cecs_analog.o [1]
ISR_CAN1_Reception      0x080027db   0x7c  Code  Gb  m4_cecs_can.o [1]
ISR_SysTickHandler      0x080020c3   0x14  Code  Gb  m4_evkit_define.o [1]
ISR_TIM2forCANTimeOut   0x08002945   0x1e  Code  Gb  m4_cecs_can.o [1]
ISR_TIM3_CaptureCounter
                        0x080024c3   0x9e  Code  Gb  m4_cecs_io_base.o [1]
ISR_TIM4_CaptureCounter
                        0x08002567   0x9e  Code  Gb  m4_cecs_io_base.o [1]
ISR_TIM7forAtoDConverter
                        0x0800158b   0x12  Code  Gb  m4_cecs_analog.o [1]
ISR_USART1              0x080009a7   0xd0  Code  Gb  m4_cecs_uart1.o [1]
ISR_USART3              0x08002ef1   0xd0  Code  Gb  m4_cecs_uart3.o [1]
ISR_USART6              0x08003203   0xe0  Code  Gb  m4_cecs_uart6.o [1]
InitAnalogModule        0x080013d5  0x134  Code  Gb  m4_cecs_analog.o [1]
InitISOINModule         0x080035a1   0x32  Code  Gb  m4_cecs_isoin.o [1]
InitRelayModule         0x080036bd   0x32  Code  Gb  m4_cecs_relay.o [1]
InitSysTick             0x0800209f   0x24  Code  Gb  m4_evkit_define.o [1]
Init_CAN1               0x08002665  0x176  Code  Gb  m4_cecs_can.o [1]
Init_IOPort             0x08002241  0x282  Code  Gb  m4_cecs_io_base.o [1]
Init_UART1              0x08000849  0x15e  Code  Gb  m4_cecs_uart1.o [1]
Init_UART3              0x08002d91  0x160  Code  Gb  m4_cecs_uart3.o [1]
Init_UART6              0x08003071  0x192  Code  Gb  m4_cecs_uart6.o [1]
MemManage_Handler       0x08002981    0x2  Code  Gb  stm32f4xx_it.o [1]
NMI_Handler             0x0800297d    0x2  Code  Gb  stm32f4xx_it.o [1]
NVIC_Init               0x08001227   0x6c  Code  Gb  misc.o [1]
NVIC_PriorityGroupConfig
                        0x0800121d    0xa  Code  Gb  misc.o [1]
NVIC_SetPriority        0x08001e39   0x26  Code  Lc  m4_evkit_define.o [1]
OTG_FS_IRQHandler       0x08002cd9    0xc  Code  Gb  stm32f4xx_it.o [1]
OTG_FS_WKUP_IRQHandler  0x08002ba9    0xc  Code  Gb  stm32f4xx_it.o [1]
OTG_HS_EP1_IN_IRQHandler
                        0x08002d3d    0xc  Code  Gb  stm32f4xx_it.o [1]
OTG_HS_EP1_OUT_IRQHandler
                        0x08002d31    0xc  Code  Gb  stm32f4xx_it.o [1]
OTG_HS_IRQHandler       0x08002d55    0xc  Code  Gb  stm32f4xx_it.o [1]
OTG_HS_WKUP_IRQHandler  0x08002d49    0xc  Code  Gb  stm32f4xx_it.o [1]
PVD_IRQHandler          0x080029a1    0xc  Code  Gb  stm32f4xx_it.o [1]
PendSV_Handler          0x0800298b    0x2  Code  Gb  stm32f4xx_it.o [1]
ProcedureAnalogModule   0x08001697  0x168  Code  Gb  m4_cecs_analog.o [1]
ProcedureISOINModule    0x080035d3   0xd2  Code  Gb  m4_cecs_isoin.o [1]
ProcedureModuleBase     0x080034a7   0xd8  Code  Gb  m4_cecs_base.o [1]
ProcedureRelayModule    0x080036ef  0x120  Code  Gb  m4_cecs_relay.o [1]
PushMessage             0x0800219d   0x52  Code  Gb  m4_evkit_message.o [1]
RCC_AHB1PeriphClockCmd  0x08000769   0x1e  Code  Gb  stm32f4xx_rcc.o [1]
RCC_AHB1PeriphResetCmd  0x080007c3   0x1e  Code  Gb  stm32f4xx_rcc.o [1]
RCC_APB1PeriphClockCmd  0x08000787   0x1e  Code  Gb  stm32f4xx_rcc.o [1]
RCC_APB1PeriphResetCmd  0x080007e1   0x1e  Code  Gb  stm32f4xx_rcc.o [1]
RCC_APB2PeriphClockCmd  0x080007a5   0x1e  Code  Gb  stm32f4xx_rcc.o [1]
RCC_APB2PeriphResetCmd  0x080007ff   0x1e  Code  Gb  stm32f4xx_rcc.o [1]
RCC_GetClocksFreq       0x08000669  0x100  Code  Gb  stm32f4xx_rcc.o [1]
RCC_IRQHandler          0x080029d1    0xc  Code  Gb  stm32f4xx_it.o [1]
RTC_Alarm_IRQHandler    0x08002b9d    0xc  Code  Gb  stm32f4xx_it.o [1]
RTC_WKUP_IRQHandler     0x080029b9    0xc  Code  Gb  stm32f4xx_it.o [1]
Region$$Table$$Base     0x0800386c          --   Gb  - Linker created -
Region$$Table$$Limit    0x08003890          --   Gb  - Linker created -
ResetMaskRelayOutput    0x0800381d    0xe  Code  Gb  m4_cecs_relay.o [1]
Reset_Handler           0x080038e1         Code  Wk  startup_stm32f4xx.o [1]
RxPacket                0x20000870   0x10  Data  Gb  m4_cecs_base.o [1]
SDIO_IRQHandler         0x08002bfd    0xc  Code  Gb  stm32f4xx_it.o [1]
SPI1_IRQHandler         0x08002b4d    0xc  Code  Gb  stm32f4xx_it.o [1]
SPI2_IRQHandler         0x08002b59    0xc  Code  Gb  stm32f4xx_it.o [1]
SPI3_IRQHandler         0x08002c15    0xc  Code  Gb  stm32f4xx_it.o [1]
SVC_Handler             0x08002987    0x2  Code  Gb  stm32f4xx_it.o [1]
SetMaskRelayOutput      0x0800380f    0xe  Code  Gb  m4_cecs_relay.o [1]
SetSysClock             0x08001e97   0xfc  Code  Lc  m4_evkit_define.o [1]
StartCanTimeOut         0x080028d9   0x48  Code  Gb  m4_cecs_can.o [1]
StopCANTimer            0x08002921   0x24  Code  Gb  m4_cecs_can.o [1]
SysTick_Config          0x08001e5f   0x38  Code  Lc  m4_evkit_define.o [1]
SysTick_Handler         0x0800298d    0x8  Code  Gb  stm32f4xx_it.o [1]
SystemInit              0x08001f93  0x10c  Code  Gb  m4_evkit_define.o [1]
TAMP_STAMP_IRQHandler   0x080029ad    0xc  Code  Gb  stm32f4xx_it.o [1]
TI1_Config              0x08001d3b   0x38  Code  Lc  stm32f4xx_tim.o [1]
TI2_Config              0x08001d73   0x42  Code  Lc  stm32f4xx_tim.o [1]
TI3_Config              0x08001db5   0x40  Code  Lc  stm32f4xx_tim.o [1]
TI4_Config              0x08001df5   0x42  Code  Lc  stm32f4xx_tim.o [1]
TIM1_BRK_TIM9_IRQHandler
                        0x08002abd    0xc  Code  Gb  stm32f4xx_it.o [1]
TIM1_CC_IRQHandler      0x08002ae1    0xc  Code  Gb  stm32f4xx_it.o [1]
TIM1_TRG_COM_TIM11_IRQHandler
                        0x08002ad5    0xc  Code  Gb  stm32f4xx_it.o [1]
TIM1_UP_TIM10_IRQHandler
                        0x08002ac9    0xc  Code  Gb  stm32f4xx_it.o [1]
TIM2_IRQHandler         0x08002aed   0x10  Code  Gb  stm32f4xx_it.o [1]
TIM3_GetCaptureCFreq    0x08002561    0x6  Code  Gb  m4_cecs_io_base.o [1]
TIM3_IRQHandler         0x08002afd   0x10  Code  Gb  stm32f4xx_it.o [1]
TIM4_GetCaptureCFreq    0x08002605    0x6  Code  Gb  m4_cecs_io_base.o [1]
TIM4_IRQHandler         0x08002b0d   0x10  Code  Gb  stm32f4xx_it.o [1]
TIM5_IRQHandler         0x08002c09    0xc  Code  Gb  stm32f4xx_it.o [1]
TIM6_DAC_IRQHandler     0x08002c39    0xc  Code  Gb  stm32f4xx_it.o [1]
TIM7_IRQHandler         0x08002c45   0x10  Code  Gb  stm32f4xx_it.o [1]
TIM7_StartAtoDConverter
                        0x08001509   0x82  Code  Gb  m4_cecs_analog.o [1]
TIM8_BRK_TIM12_IRQHandler
                        0x08002bb5    0xc  Code  Gb  stm32f4xx_it.o [1]
TIM8_CC_IRQHandler      0x08002bd9    0xc  Code  Gb  stm32f4xx_it.o [1]
TIM8_TRG_COM_TIM14_IRQHandler
                        0x08002bcd    0xc  Code  Gb  stm32f4xx_it.o [1]
TIM8_UP_TIM13_IRQHandler
                        0x08002bc1    0xc  Code  Gb  stm32f4xx_it.o [1]
TIM_ClearITPendingBit   0x08001d33    0x8  Code  Gb  stm32f4xx_tim.o [1]
TIM_Cmd                 0x08001c0b   0x1c  Code  Gb  stm32f4xx_tim.o [1]
TIM_DeInit              0x08001a09  0x17c  Code  Gb  stm32f4xx_tim.o [1]
TIM_GetCapture2         0x08001ccd    0x4  Code  Gb  stm32f4xx_tim.o [1]
TIM_ICInit              0x08001c5d   0x70  Code  Gb  stm32f4xx_tim.o [1]
TIM_ITConfig            0x08001d1d   0x16  Code  Gb  stm32f4xx_tim.o [1]
TIM_SetCounter          0x08001c07    0x4  Code  Gb  stm32f4xx_tim.o [1]
TIM_SetIC1Prescaler     0x08001cd1   0x12  Code  Gb  stm32f4xx_tim.o [1]
TIM_SetIC2Prescaler     0x08001ce3   0x14  Code  Gb  stm32f4xx_tim.o [1]
TIM_SetIC3Prescaler     0x08001cf7   0x12  Code  Gb  stm32f4xx_tim.o [1]
TIM_SetIC4Prescaler     0x08001d09   0x14  Code  Gb  stm32f4xx_tim.o [1]
TIM_TimeBaseInit        0x08001b85   0x6a  Code  Gb  stm32f4xx_tim.o [1]
TIM_TimeBaseStructInit  0x08001bef   0x18  Code  Gb  stm32f4xx_tim.o [1]
TxPacket                0x20000880   0x10  Data  Gb  m4_cecs_base.o [1]
UART4_IRQHandler        0x08002c21    0xc  Code  Gb  stm32f4xx_it.o [1]
UART5_IRQHandler        0x08002c2d    0xc  Code  Gb  stm32f4xx_it.o [1]
USART1_IRQHandler       0x08002b65   0x10  Code  Gb  stm32f4xx_it.o [1]
USART1_LineEvents       0x200008dc    0x4  Data  Gb  m4_cecs_uart1.o [1]
USART1_PacketStreaming  0x08000b0d   0x74  Code  Gb  m4_cecs_uart1.o [1]
USART1_RxDataQue        0x20000210  0x104  Data  Gb  m4_cecs_uart1.o [1]
USART1_RxQuePop         0x08000c6d   0x40  Code  Gb  m4_cecs_uart1.o [1]
USART1_RxQuePush        0x08000c17   0x56  Code  Gb  m4_cecs_uart1.o [1]
USART1_SendPacket       0x08000a77   0x38  Code  Gb  m4_cecs_uart1.o [1]
USART1_StreamingBuffer  0x20000890   0x10  Data  Gb  m4_cecs_uart1.o [1]
USART1_TxDataQue        0x20000314  0x104  Data  Gb  m4_cecs_uart1.o [1]
USART1_TxQuePop         0x08000bd7   0x40  Code  Gb  m4_cecs_uart1.o [1]
USART1_TxQuePush        0x08000b81   0x56  Code  Gb  m4_cecs_uart1.o [1]
USART1_Write            0x08000aaf   0x5e  Code  Gb  m4_cecs_uart1.o [1]
USART2_IRQHandler       0x08002b75    0xc  Code  Gb  stm32f4xx_it.o [1]
USART3_IRQHandler       0x08002b81   0x10  Code  Gb  stm32f4xx_it.o [1]
USART3_LineEvents       0x200008e0    0x4  Data  Gb  m4_cecs_uart3.o [1]
USART3_RxDataQue        0x20000418  0x104  Data  Gb  m4_cecs_uart3.o [1]
USART3_RxQuePush        0x08003001   0x56  Code  Gb  m4_cecs_uart3.o [1]
USART3_StreamingBuffer  0x200008a0   0x10  Data  Gb  m4_cecs_uart3.o [1]
USART3_TxDataQue        0x2000051c  0x104  Data  Gb  m4_cecs_uart3.o [1]
USART3_TxQuePop         0x08002fc1   0x40  Code  Gb  m4_cecs_uart3.o [1]
USART6_IRQHandler       0x08002d09   0x10  Code  Gb  stm32f4xx_it.o [1]
USART6_LineEvents       0x200008e4    0x4  Data  Gb  m4_cecs_uart6.o [1]
USART6_RxDataQue        0x20000620  0x104  Data  Gb  m4_cecs_uart6.o [1]
USART6_RxQuePush        0x08003323   0x56  Code  Gb  m4_cecs_uart6.o [1]
USART6_StreamingBuffer  0x200008b0   0x10  Data  Gb  m4_cecs_uart6.o [1]
USART6_TxDataQue        0x20000724  0x104  Data  Gb  m4_cecs_uart6.o [1]
USART6_TxQuePop         0x080032e3   0x40  Code  Gb  m4_cecs_uart6.o [1]
USART_Cmd               0x08000ed5   0x1c  Code  Gb  stm32f4xx_usart.o [1]
USART_DeInit            0x08000d09   0xa4  Code  Gb  stm32f4xx_usart.o [1]
USART_GetFlagStatus     0x08000f57   0x1e  Code  Gb  stm32f4xx_usart.o [1]
USART_GetITStatus       0x08000f75   0x6e  Code  Gb  stm32f4xx_usart.o [1]
USART_ITConfig          0x08000f01   0x56  Code  Gb  stm32f4xx_usart.o [1]
USART_Init              0x08000dad   0xee  Code  Gb  stm32f4xx_usart.o [1]
USART_ReceiveData       0x08000ef9    0x8  Code  Gb  stm32f4xx_usart.o [1]
USART_SendData          0x08000ef1    0x8  Code  Gb  stm32f4xx_usart.o [1]
USART_StructInit        0x08000eb9   0x1c  Code  Gb  stm32f4xx_usart.o [1]
UsageFault_Handler      0x08002985    0x2  Code  Gb  stm32f4xx_it.o [1]
WWDG_IRQHandler         0x08002995    0xc  Code  Gb  stm32f4xx_it.o [1]
__aeabi_memcpy          0x0800135d         Code  Gb  ABImemcpy.o [4]
__aeabi_memcpy4         0x0800137d         Code  Gb  ABImemcpy.o [4]
__aeabi_memcpy8         0x0800137d         Code  Gb  ABImemcpy.o [4]
__aeabi_memset          0x080012f5         Code  Gb  ABImemset.o [4]
__cmain                 0x08003891         Code  Gb  cmain.o [4]
__exit                  0x080038bd   0x14  Code  Gb  exit.o [5]
__iar_Memset            0x080012f5         Code  Gb  ABImemset.o [4]
__iar_Memset_word       0x080012fd         Code  Gb  ABImemset.o [4]
__iar_copy_init3        0x08000cdb   0x2e  Code  Gb  copy_init3.o [4]
__iar_data_init3        0x08003845   0x28  Code  Gb  data_init.o [4]
__iar_program_start     0x080038f1         Code  Gb  cstartup_M.o [4]
__iar_zero_init3        0x08000fe3   0x22  Code  Gb  zero_init3.o [4]
__low_level_init        0x080038a7    0x4  Code  Gb  low_level_init.o [3]
__vector_table          0x08000000         Data  Gb  startup_stm32f4xx.o [1]
_call_main              0x0800389d         Code  Gb  cmain.o [4]
_exit                   0x080038b1         Code  Gb  cexit.o [4]
_main                   0x080038a3         Code  Gb  cmain.o [4]
exit                    0x080038ab    0x4  Code  Gb  exit.o [3]
m_MSG                   0x20000010  0x200  Data  Gb  m4_evkit_message.o [1]
m_MsgHead               0x2000090e    0x1  Data  Gb  m4_evkit_message.o [1]
m_MsgTail               0x2000090f    0x1  Data  Gb  m4_evkit_message.o [1]
m_gUserReg              0x200008ec    0x4  Data  Gb  m4_evkit_define.o [1]
main                    0x08003399  0x10e  Code  Gb  m4_cecs_base.o [1]
memcpy                  0x080012dd   0x16  Code  Gb  m4_evkit_define.o [1]
memset                  0x08000cc5   0x16  Code  Gb  m4_cecs_uart6.o [1]
nADCBufferCounter       0x200008fe    0x2  Data  Gb  m4_cecs_analog.o [1]
nADCChannel             0x080038d0   0x10  Data  Gb  m4_cecs_analog.o [1]
nADCChannelCounter      0x200008fc    0x2  Data  Gb  m4_cecs_analog.o [1]
nADCConvertedValue      0x20000828   0x20  Data  Gb  m4_cecs_analog.o [1]
nAPPLICATION_CAN_ID     0x200008c8    0x4  Data  Gb  m4_cecs_can.o [1]
nIC3ReadValue1          0x20000904    0x2  Data  Gb  m4_cecs_io_base.o [1]
nIC3ReadValue2          0x20000906    0x2  Data  Gb  m4_cecs_io_base.o [1]
nIC4ReadValue1          0x2000090a    0x2  Data  Gb  m4_cecs_io_base.o [1]
nIC4ReadValue2          0x2000090c    0x2  Data  Gb  m4_cecs_io_base.o [1]
nModuleType             0x20000900    0x2  Data  Gb  m4_cecs_base.o [1]
nTIM3CaptureCounter     0x200008cc    0x4  Data  Gb  m4_cecs_io_base.o [1]
nTIM3CaptureFreq        0x200008d0    0x4  Data  Gb  m4_cecs_io_base.o [1]
nTIM3CaptureNumber      0x20000902    0x2  Data  Gb  m4_cecs_io_base.o [1]
nTIM4CaptureCounter     0x200008d4    0x4  Data  Gb  m4_cecs_io_base.o [1]
nTIM4CaptureFreq        0x200008d8    0x4  Data  Gb  m4_cecs_io_base.o [1]
nTIM4CaptureNumber      0x20000908    0x2  Data  Gb  m4_cecs_io_base.o [1]
nTmpADCConvertedValue   0x200008c0    0x8  Data  Gb  m4_cecs_analog.o [1]
uLSoundPatternCnt       0x200008f4    0x4  Data  Gb  m4_evkit_define.o [1]
uLSoundPatternTick      0x200008f8    0x4  Data  Gb  m4_evkit_define.o [1]
uLTimingDelay           0x200008f0    0x4  Data  Gb  m4_evkit_define.o [1]


[1] = D:\ARM32\cecs\Debug\Obj
[2] = command line
[3] = dl7M_tln.a
[4] = rt7M_tl.a
[5] = shb_l.a

  14 900 bytes of readonly  code memory
      68 bytes of readonly  data memory
   3 344 bytes of readwrite data memory

Errors: none
Warnings: none
